C:\Users\prabina\AppData\Local\Programs\Py
thon\Python311\python.exe : C:\Users\prabi
na\AppData\Local\Programs\Python\Python311
\Lib\site-packages\sklearn\base.py:376: 
InconsistentVersionWarning: Trying to 
unpickle estimator DecisionTreeRegressor 
from version 1.6.1 when using version 
1.4.2. This might lead to breaking code 
or invalid results. Use at your own risk. 
For more info please refer to:
At line:1 char:1
+ C:\Users\prabina\AppData\Local\Programs\
Python\Python311\python.exe t ...
+ ~~~~~~~~~~~~~~~~~~~~~~~~~~~~~~~~~~~~~~~~
~~~~~~~~~~~~~~~~~~~~~~~~~~~~~
    + CategoryInfo          : NotSpecifie 
   d: (C:\Users\prabin...lease refer to:  
  :String) [], RemoteException
    + FullyQualifiedErrorId : NativeComma 
   ndError
 
https://scikit-learn.org/stable/model_pers
istence.html#security-maintainability-limi
tations
  warnings.warn(
C:\Users\prabina\AppData\Local\Programs\Py
thon\Python311\Lib\site-packages\sklearn\b
ase.py:376: InconsistentVersionWarning: 
Trying to unpickle estimator 
RandomForestRegressor from version 1.6.1 
when using version 1.4.2. This might lead 
to breaking code or invalid results. Use 
at your own risk. For more info please 
refer to:
https://scikit-learn.org/stable/model_pers
istence.html#security-maintainability-limi
tations
  warnings.warn(
Testing Rainfall Model at D:\own_company_project_poc\resilience-grid-main\resilience-grid-main\models/rainfall/best_model.joblib...
Traceback (most recent call last):
  File "D:\own_company_project_poc\resilie
nce-grid-main\resilience-grid-main\test_mo
dels.py", line 12, in test_load
    print(f"\u2713 {name} loaded 
successfully.")
  File "C:\Users\prabina\AppData\Local\Pro
grams\Python\Python311\Lib\encodings\cp125
2.py", line 19, in encode
    return codecs.charmap_encode(input,sel
f.errors,encoding_table)[0]
           ^^^^^^^^^^^^^^^^^^^^^^^^^^^^^^^
^^^^^^^^^^^^^^^^^^^^^^^^
UnicodeEncodeError: 'charmap' codec can't 
encode character '\u2713' in position 0: 
character maps to <undefined>

During handling of the above exception, 
another exception occurred:

Traceback (most recent call last):
  File "D:\own_company_project_poc\resilie
nce-grid-main\resilience-grid-main\test_mo
dels.py", line 18, in <module>
    test_load("models/rainfall/best_model.
joblib", "Rainfall Model")
  File "D:\own_company_project_poc\resilie
nce-grid-main\resilience-grid-main\test_mo
dels.py", line 14, in test_load
    print(f"\u2717 {name} failed to 
load.")
  File "C:\Users\prabina\AppData\Local\Pro
grams\Python\Python311\Lib\encodings\cp125
2.py", line 19, in encode
    return codecs.charmap_encode(input,sel
f.errors,encoding_table)[0]
           ^^^^^^^^^^^^^^^^^^^^^^^^^^^^^^^
^^^^^^^^^^^^^^^^^^^^^^^^
UnicodeEncodeError: 'charmap' codec can't 
encode character '\u2717' in position 0: 
character maps to <undefined>
